#-----------------------------------------------------------
# Vivado v2020.1 (64-bit)
# SW Build 2902540 on Wed May 27 19:54:49 MDT 2020
# IP Build 2902112 on Wed May 27 22:43:36 MDT 2020
# Start of session at: Wed Apr 29 22:38:26 2026
# Process ID: 6260
# Current directory: C:/Users/ghazi/CA-LAB-SPR-2026/Vivado Labs/Lab11/Task2
# Command line: vivado.exe -gui_launcher_event rodinguilauncherevent12920 C:\Users\ghazi\CA-LAB-SPR-2026\Vivado Labs\Lab11\Task2\Task2.xpr
# Log file: C:/Users/ghazi/CA-LAB-SPR-2026/Vivado Labs/Lab11/Task2/vivado.log
# Journal file: C:/Users/ghazi/CA-LAB-SPR-2026/Vivado Labs/Lab11/Task2\vivado.jou
#-----------------------------------------------------------
start_gui
open_project {C:/Users/ghazi/CA-LAB-SPR-2026/Vivado Labs/Lab11/Task2/Task2.xpr}
update_compile_order -fileset sources_1
reset_run synth_1
launch_runs synth_1 -jobs 6
wait_on_run synth_1
launch_runs impl_1 -jobs 6
wait_on_run impl_1
update_compile_order -fileset sources_1
reset_run synth_1
launch_runs synth_1 -jobs 6
wait_on_run synth_1
launch_runs impl_1 -jobs 6
wait_on_run impl_1
update_compile_order -fileset sources_1
reset_run synth_1
launch_runs impl_1 -jobs 6
wait_on_run impl_1
launch_runs impl_1 -to_step write_bitstream -jobs 6
wait_on_run impl_1
synth_design -rtl -name rtl_1
open_hw_manager
connect_hw_server -allow_non_jtag
open_hw_target
set_property PROGRAM.FILE {C:/Users/ghazi/CA-LAB-SPR-2026/Vivado Labs/Lab11/Task2/Task2.runs/impl_1/TopLevelProcessor.bit} [get_hw_devices xc7a35t_0]
current_hw_device [get_hw_devices xc7a35t_0]
refresh_hw_device -update_hw_probes false [lindex [get_hw_devices xc7a35t_0] 0]
set_property PROBES.FILE {} [get_hw_devices xc7a35t_0]
set_property FULL_PROBES.FILE {} [get_hw_devices xc7a35t_0]
set_property PROGRAM.FILE {C:/Users/ghazi/CA-LAB-SPR-2026/Vivado Labs/Lab11/Task2/Task2.runs/impl_1/TopLevelProcessor.bit} [get_hw_devices xc7a35t_0]
program_hw_devices [get_hw_devices xc7a35t_0]
refresh_hw_device [lindex [get_hw_devices xc7a35t_0] 0]
refresh_hw_device [lindex [get_hw_devices xc7a35t_0] 0]
set_property PROBES.FILE {} [get_hw_devices xc7a35t_0]
set_property FULL_PROBES.FILE {} [get_hw_devices xc7a35t_0]
set_property PROGRAM.FILE {C:/Users/ghazi/CA-LAB-SPR-2026/Vivado Labs/Lab11/Task2/Task2.runs/impl_1/TopLevelProcessor.bit} [get_hw_devices xc7a35t_0]
program_hw_devices [get_hw_devices xc7a35t_0]
refresh_hw_device [lindex [get_hw_devices xc7a35t_0] 0]
refresh_hw_device [lindex [get_hw_devices xc7a35t_0] 0]
set_property PROBES.FILE {} [get_hw_devices xc7a35t_0]
set_property FULL_PROBES.FILE {} [get_hw_devices xc7a35t_0]
set_property PROGRAM.FILE {C:/Users/ghazi/CA-LAB-SPR-2026/Vivado Labs/Lab11/Task2/Task2.runs/impl_1/TopLevelProcessor.bit} [get_hw_devices xc7a35t_0]
program_hw_devices [get_hw_devices xc7a35t_0]
refresh_hw_device [lindex [get_hw_devices xc7a35t_0] 0]
reset_run synth_1
launch_runs impl_1 -to_step write_bitstream -jobs 6
wait_on_run impl_1
refresh_hw_device [lindex [get_hw_devices xc7a35t_0] 0]
set_property PROBES.FILE {} [get_hw_devices xc7a35t_0]
set_property FULL_PROBES.FILE {} [get_hw_devices xc7a35t_0]
set_property PROGRAM.FILE {C:/Users/ghazi/CA-LAB-SPR-2026/Vivado Labs/Lab11/Task2/Task2.runs/impl_1/TopLevelProcessor.bit} [get_hw_devices xc7a35t_0]
program_hw_devices [get_hw_devices xc7a35t_0]
refresh_hw_device [lindex [get_hw_devices xc7a35t_0] 0]
refresh_hw_device [lindex [get_hw_devices xc7a35t_0] 0]
update_compile_order -fileset sources_1
reset_run synth_1
launch_runs impl_1 -to_step write_bitstream -jobs 6
wait_on_run impl_1
disconnect_hw_server localhost:3121
connect_hw_server -allow_non_jtag
disconnect_hw_server localhost:3121
connect_hw_server -allow_non_jtag
open_hw_target
set_property PROGRAM.FILE {C:/Users/ghazi/CA-LAB-SPR-2026/Vivado Labs/Lab11/Task2/Task2.runs/impl_1/TopLevelProcessor.bit} [get_hw_devices xc7a35t_0]
current_hw_device [get_hw_devices xc7a35t_0]
refresh_hw_device -update_hw_probes false [lindex [get_hw_devices xc7a35t_0] 0]
set_property PROBES.FILE {} [get_hw_devices xc7a35t_0]
set_property FULL_PROBES.FILE {} [get_hw_devices xc7a35t_0]
set_property PROGRAM.FILE {C:/Users/ghazi/CA-LAB-SPR-2026/Vivado Labs/Lab11/Task2/Task2.runs/impl_1/TopLevelProcessor.bit} [get_hw_devices xc7a35t_0]
program_hw_devices [get_hw_devices xc7a35t_0]
refresh_hw_device [lindex [get_hw_devices xc7a35t_0] 0]
refresh_hw_device [lindex [get_hw_devices xc7a35t_0] 0]
set_property PROBES.FILE {} [get_hw_devices xc7a35t_0]
set_property FULL_PROBES.FILE {} [get_hw_devices xc7a35t_0]
set_property PROGRAM.FILE {C:/Users/ghazi/CA-LAB-SPR-2026/Vivado Labs/Lab11/Task2/Task2.runs/impl_1/TopLevelProcessor.bit} [get_hw_devices xc7a35t_0]
program_hw_devices [get_hw_devices xc7a35t_0]
refresh_hw_device [lindex [get_hw_devices xc7a35t_0] 0]
set_property PROBES.FILE {} [get_hw_devices xc7a35t_0]
set_property FULL_PROBES.FILE {} [get_hw_devices xc7a35t_0]
set_property PROGRAM.FILE {C:/Users/ghazi/CA-LAB-SPR-2026/Vivado Labs/Lab11/Task2/Task2.runs/impl_1/TopLevelProcessor.bit} [get_hw_devices xc7a35t_0]
program_hw_devices [get_hw_devices xc7a35t_0]
refresh_hw_device [lindex [get_hw_devices xc7a35t_0] 0]
reset_run impl_1 -prev_step 
launch_runs impl_1 -to_step write_bitstream -jobs 6
wait_on_run impl_1
refresh_hw_device [lindex [get_hw_devices xc7a35t_0] 0]
set_property PROBES.FILE {} [get_hw_devices xc7a35t_0]
set_property FULL_PROBES.FILE {} [get_hw_devices xc7a35t_0]
set_property PROGRAM.FILE {C:/Users/ghazi/CA-LAB-SPR-2026/Vivado Labs/Lab11/Task2/Task2.runs/impl_1/TopLevelProcessor.bit} [get_hw_devices xc7a35t_0]
program_hw_devices [get_hw_devices xc7a35t_0]
refresh_hw_device [lindex [get_hw_devices xc7a35t_0] 0]
reset_run impl_1
launch_runs impl_1 -jobs 6
wait_on_run impl_1
launch_runs impl_1 -to_step write_bitstream -jobs 6
wait_on_run impl_1
set_property PROBES.FILE {} [get_hw_devices xc7a35t_0]
set_property FULL_PROBES.FILE {} [get_hw_devices xc7a35t_0]
set_property PROGRAM.FILE {C:/Users/ghazi/CA-LAB-SPR-2026/Vivado Labs/Lab11/Task2/Task2.runs/impl_1/TopLevelProcessor.bit} [get_hw_devices xc7a35t_0]
program_hw_devices [get_hw_devices xc7a35t_0]
refresh_hw_device [lindex [get_hw_devices xc7a35t_0] 0]
set_property PROBES.FILE {} [get_hw_devices xc7a35t_0]
set_property FULL_PROBES.FILE {} [get_hw_devices xc7a35t_0]
set_property PROGRAM.FILE {C:/Users/ghazi/CA-LAB-SPR-2026/Vivado Labs/Lab11/Task2/Task2.runs/impl_1/TopLevelProcessor.bit} [get_hw_devices xc7a35t_0]
program_hw_devices [get_hw_devices xc7a35t_0]
refresh_hw_device [lindex [get_hw_devices xc7a35t_0] 0]
close_hw_manager
create_project SCP {C:/Users/ghazi/CA-LAB-SPR-2026/Vivado Labs/Project/Processor/SCP} -part xc7a35tcpg236-1
file mkdir C:/Users/ghazi/CA-LAB-SPR-2026/Vivado Labs/Project/Processor/SCP/SCP.srcs/sources_1/new
file mkdir C:/Users/ghazi/CA-LAB-SPR-2026/Vivado Labs/Project/Processor/SCP/SCP.srcs/sources_1/new
file mkdir C:/Users/ghazi/CA-LAB-SPR-2026/Vivado Labs/Project/Processor/SCP/SCP.srcs/sources_1/new
file mkdir C:/Users/ghazi/CA-LAB-SPR-2026/Vivado Labs/Project/Processor/SCP/SCP.srcs/sources_1/new
file mkdir C:/Users/ghazi/CA-LAB-SPR-2026/Vivado Labs/Project/Processor/SCP/SCP.srcs/sources_1/new
file mkdir C:/Users/ghazi/CA-LAB-SPR-2026/Vivado Labs/Project/Processor/SCP/SCP.srcs/sources_1/new
file mkdir C:/Users/ghazi/CA-LAB-SPR-2026/Vivado Labs/Project/Processor/SCP/SCP.srcs/sources_1/new
file mkdir C:/Users/ghazi/CA-LAB-SPR-2026/Vivado Labs/Project/Processor/SCP/SCP.srcs/sources_1/new
file mkdir C:/Users/ghazi/CA-LAB-SPR-2026/Vivado Labs/Project/Processor/SCP/SCP.srcs/sources_1/new
file mkdir C:/Users/ghazi/CA-LAB-SPR-2026/Vivado Labs/Project/Processor/SCP/SCP.srcs/sources_1/new
file mkdir C:/Users/ghazi/CA-LAB-SPR-2026/Vivado Labs/Project/Processor/SCP/SCP.srcs/sources_1/new
file mkdir C:/Users/ghazi/CA-LAB-SPR-2026/Vivado Labs/Project/Processor/SCP/SCP.srcs/sources_1/new
file mkdir C:/Users/ghazi/CA-LAB-SPR-2026/Vivado Labs/Project/Processor/SCP/SCP.srcs/sources_1/new
file mkdir C:/Users/ghazi/CA-LAB-SPR-2026/Vivado Labs/Project/Processor/SCP/SCP.srcs/sources_1/new
file mkdir C:/Users/ghazi/CA-LAB-SPR-2026/Vivado Labs/Project/Processor/SCP/SCP.srcs/sources_1/new
file mkdir C:/Users/ghazi/CA-LAB-SPR-2026/Vivado Labs/Project/Processor/SCP/SCP.srcs/sources_1/new
file mkdir C:/Users/ghazi/CA-LAB-SPR-2026/Vivado Labs/Project/Processor/SCP/SCP.srcs/sources_1/new
file mkdir C:/Users/ghazi/CA-LAB-SPR-2026/Vivado Labs/Project/Processor/SCP/SCP.srcs/sources_1/new
file mkdir C:/Users/ghazi/CA-LAB-SPR-2026/Vivado Labs/Project/Processor/SCP/SCP.srcs/sources_1/new
file mkdir C:/Users/ghazi/CA-LAB-SPR-2026/Vivado Labs/Project/Processor/SCP/SCP.srcs/sources_1/new
file mkdir C:/Users/ghazi/CA-LAB-SPR-2026/Vivado Labs/Project/Processor/SCP/SCP.srcs/sources_1/new
file mkdir C:/Users/ghazi/CA-LAB-SPR-2026/Vivado Labs/Project/Processor/SCP/SCP.srcs/sources_1/new
file mkdir C:/Users/ghazi/CA-LAB-SPR-2026/Vivado Labs/Project/Processor/SCP/SCP.srcs/sources_1/new
file mkdir C:/Users/ghazi/CA-LAB-SPR-2026/Vivado Labs/Project/Processor/SCP/SCP.srcs/sources_1/new
file mkdir C:/Users/ghazi/CA-LAB-SPR-2026/Vivado Labs/Project/Processor/SCP/SCP.srcs/sources_1/new
file mkdir C:/Users/ghazi/CA-LAB-SPR-2026/Vivado Labs/Project/Processor/SCP/SCP.srcs/sources_1/new
file mkdir C:/Users/ghazi/CA-LAB-SPR-2026/Vivado Labs/Project/Processor/SCP/SCP.srcs/sources_1/new
file mkdir C:/Users/ghazi/CA-LAB-SPR-2026/Vivado Labs/Project/Processor/SCP/SCP.srcs/sources_1/new
file mkdir C:/Users/ghazi/CA-LAB-SPR-2026/Vivado Labs/Project/Processor/SCP/SCP.srcs/sources_1/new
file mkdir C:/Users/ghazi/CA-LAB-SPR-2026/Vivado Labs/Project/Processor/SCP/SCP.srcs/sources_1/new
file mkdir C:/Users/ghazi/CA-LAB-SPR-2026/Vivado Labs/Project/Processor/SCP/SCP.srcs/sources_1/new
file mkdir C:/Users/ghazi/CA-LAB-SPR-2026/Vivado Labs/Project/Processor/SCP/SCP.srcs/sources_1/new
file mkdir C:/Users/ghazi/CA-LAB-SPR-2026/Vivado Labs/Project/Processor/SCP/SCP.srcs/sources_1/new
file mkdir C:/Users/ghazi/CA-LAB-SPR-2026/Vivado Labs/Project/Processor/SCP/SCP.srcs/sources_1/new
file mkdir C:/Users/ghazi/CA-LAB-SPR-2026/Vivado Labs/Project/Processor/SCP/SCP.srcs/sources_1/new
file mkdir C:/Users/ghazi/CA-LAB-SPR-2026/Vivado Labs/Project/Processor/SCP/SCP.srcs/sources_1/new
file mkdir C:/Users/ghazi/CA-LAB-SPR-2026/Vivado Labs/Project/Processor/SCP/SCP.srcs/sources_1/new
file mkdir {C:/Users/ghazi/CA-LAB-SPR-2026/Vivado Labs/Project/Processor/SCP/SCP.srcs/sources_1/new}
close [ open {C:/Users/ghazi/CA-LAB-SPR-2026/Vivado Labs/Project/Processor/SCP/SCP.srcs/sources_1/new/ImmGen.v} w ]
add_files {{C:/Users/ghazi/CA-LAB-SPR-2026/Vivado Labs/Project/Processor/SCP/SCP.srcs/sources_1/new/ImmGen.v}}
close [ open {C:/Users/ghazi/CA-LAB-SPR-2026/Vivado Labs/Project/Processor/SCP/SCP.srcs/sources_1/new/AddressDecoder.v} w ]
add_files {{C:/Users/ghazi/CA-LAB-SPR-2026/Vivado Labs/Project/Processor/SCP/SCP.srcs/sources_1/new/AddressDecoder.v}}
close [ open {C:/Users/ghazi/CA-LAB-SPR-2026/Vivado Labs/Project/Processor/SCP/SCP.srcs/sources_1/new/LedDriver.v} w ]
add_files {{C:/Users/ghazi/CA-LAB-SPR-2026/Vivado Labs/Project/Processor/SCP/SCP.srcs/sources_1/new/LedDriver.v}}
close [ open {C:/Users/ghazi/CA-LAB-SPR-2026/Vivado Labs/Project/Processor/SCP/SCP.srcs/sources_1/new/TopSCP.v} w ]
add_files {{C:/Users/ghazi/CA-LAB-SPR-2026/Vivado Labs/Project/Processor/SCP/SCP.srcs/sources_1/new/TopSCP.v}}
close [ open {C:/Users/ghazi/CA-LAB-SPR-2026/Vivado Labs/Project/Processor/SCP/SCP.srcs/sources_1/new/PC.v} w ]
add_files {{C:/Users/ghazi/CA-LAB-SPR-2026/Vivado Labs/Project/Processor/SCP/SCP.srcs/sources_1/new/PC.v}}
close [ open {C:/Users/ghazi/CA-LAB-SPR-2026/Vivado Labs/Project/Processor/SCP/SCP.srcs/sources_1/new/pcAdder.v} w ]
add_files {{C:/Users/ghazi/CA-LAB-SPR-2026/Vivado Labs/Project/Processor/SCP/SCP.srcs/sources_1/new/pcAdder.v}}
close [ open {C:/Users/ghazi/CA-LAB-SPR-2026/Vivado Labs/Project/Processor/SCP/SCP.srcs/sources_1/new/MUX.v} w ]
add_files {{C:/Users/ghazi/CA-LAB-SPR-2026/Vivado Labs/Project/Processor/SCP/SCP.srcs/sources_1/new/MUX.v}}
close [ open {C:/Users/ghazi/CA-LAB-SPR-2026/Vivado Labs/Project/Processor/SCP/SCP.srcs/sources_1/new/ALU32bit.v} w ]
add_files {{C:/Users/ghazi/CA-LAB-SPR-2026/Vivado Labs/Project/Processor/SCP/SCP.srcs/sources_1/new/ALU32bit.v}}
close [ open {C:/Users/ghazi/CA-LAB-SPR-2026/Vivado Labs/Project/Processor/SCP/SCP.srcs/sources_1/new/ALUControl.v} w ]
add_files {{C:/Users/ghazi/CA-LAB-SPR-2026/Vivado Labs/Project/Processor/SCP/SCP.srcs/sources_1/new/ALUControl.v}}
close [ open {C:/Users/ghazi/CA-LAB-SPR-2026/Vivado Labs/Project/Processor/SCP/SCP.srcs/sources_1/new/InstructionMemory.v} w ]
add_files {{C:/Users/ghazi/CA-LAB-SPR-2026/Vivado Labs/Project/Processor/SCP/SCP.srcs/sources_1/new/InstructionMemory.v}}
close [ open {C:/Users/ghazi/CA-LAB-SPR-2026/Vivado Labs/Project/Processor/SCP/SCP.srcs/sources_1/new/ALU1bit.v} w ]
add_files {{C:/Users/ghazi/CA-LAB-SPR-2026/Vivado Labs/Project/Processor/SCP/SCP.srcs/sources_1/new/ALU1bit.v}}
close [ open {C:/Users/ghazi/CA-LAB-SPR-2026/Vivado Labs/Project/Processor/SCP/SCP.srcs/sources_1/new/RegisterFile.v} w ]
add_files {{C:/Users/ghazi/CA-LAB-SPR-2026/Vivado Labs/Project/Processor/SCP/SCP.srcs/sources_1/new/RegisterFile.v}}
close [ open {C:/Users/ghazi/CA-LAB-SPR-2026/Vivado Labs/Project/Processor/SCP/SCP.srcs/sources_1/new/BranchAdder.v} w ]
add_files {{C:/Users/ghazi/CA-LAB-SPR-2026/Vivado Labs/Project/Processor/SCP/SCP.srcs/sources_1/new/BranchAdder.v}}
close [ open {C:/Users/ghazi/CA-LAB-SPR-2026/Vivado Labs/Project/Processor/SCP/SCP.srcs/sources_1/new/Debouncer.v} w ]
add_files {{C:/Users/ghazi/CA-LAB-SPR-2026/Vivado Labs/Project/Processor/SCP/SCP.srcs/sources_1/new/Debouncer.v}}
close [ open {C:/Users/ghazi/CA-LAB-SPR-2026/Vivado Labs/Project/Processor/SCP/SCP.srcs/sources_1/new/SwitchReader.v} w ]
add_files {{C:/Users/ghazi/CA-LAB-SPR-2026/Vivado Labs/Project/Processor/SCP/SCP.srcs/sources_1/new/SwitchReader.v}}
close [ open {C:/Users/ghazi/CA-LAB-SPR-2026/Vivado Labs/Project/Processor/SCP/SCP.srcs/sources_1/new/MainControl.v} w ]
add_files {{C:/Users/ghazi/CA-LAB-SPR-2026/Vivado Labs/Project/Processor/SCP/SCP.srcs/sources_1/new/MainControl.v}}
close [ open {C:/Users/ghazi/CA-LAB-SPR-2026/Vivado Labs/Project/Processor/SCP/SCP.srcs/sources_1/new/FullAdder.v} w ]
add_files {{C:/Users/ghazi/CA-LAB-SPR-2026/Vivado Labs/Project/Processor/SCP/SCP.srcs/sources_1/new/FullAdder.v}}
close [ open {C:/Users/ghazi/CA-LAB-SPR-2026/Vivado Labs/Project/Processor/SCP/SCP.srcs/sources_1/new/DataMemory.v} w ]
add_files {{C:/Users/ghazi/CA-LAB-SPR-2026/Vivado Labs/Project/Processor/SCP/SCP.srcs/sources_1/new/DataMemory.v}}
file mkdir C:/Users/ghazi/CA-LAB-SPR-2026/Vivado Labs/Project/Processor/SCP/SCP.srcs/constrs_1/new
file mkdir C:/Users/ghazi/CA-LAB-SPR-2026/Vivado Labs/Project/Processor/SCP/SCP.srcs/constrs_1/new
file mkdir {C:/Users/ghazi/CA-LAB-SPR-2026/Vivado Labs/Project/Processor/SCP/SCP.srcs/constrs_1/new}
close [ open {C:/Users/ghazi/CA-LAB-SPR-2026/Vivado Labs/Project/Processor/SCP/SCP.srcs/constrs_1/new/MainConst.xdc} w ]
add_files -fileset constrs_1 {{C:/Users/ghazi/CA-LAB-SPR-2026/Vivado Labs/Project/Processor/SCP/SCP.srcs/constrs_1/new/MainConst.xdc}}
update_compile_order -fileset sources_1
current_project Task2
update_compile_order -fileset sources_1
reset_run synth_1
launch_runs impl_1 -to_step write_bitstream -jobs 6
wait_on_run impl_1
current_project SCP
update_compile_order -fileset sources_1
current_project Task2
current_project SCP
close [ open {C:/Users/ghazi/CA-LAB-SPR-2026/Vivado Labs/Project/Processor/SCP/SCP.srcs/sources_1/new/ADTop.v} w ]
add_files {{C:/Users/ghazi/CA-LAB-SPR-2026/Vivado Labs/Project/Processor/SCP/SCP.srcs/sources_1/new/ADTop.v}}
update_compile_order -fileset sources_1
update_compile_order -fileset sources_1
update_compile_order -fileset sources_1
current_project Task2
current_project SCP
update_compile_order -fileset sources_1
update_compile_order -fileset sources_1
current_project Task2
current_project SCP
update_compile_order -fileset sources_1
update_compile_order -fileset sources_1
update_compile_order -fileset sources_1
update_compile_order -fileset sources_1
update_compile_order -fileset sources_1
update_compile_order -fileset sources_1
update_compile_order -fileset sources_1
current_project Task2
open_hw_manager
connect_hw_server -allow_non_jtag
open_hw_target
set_property PROGRAM.FILE {C:/Users/ghazi/CA-LAB-SPR-2026/Vivado Labs/Lab11/Task2/Task2.runs/impl_1/TopLevelProcessor.bit} [get_hw_devices xc7a35t_0]
current_hw_device [get_hw_devices xc7a35t_0]
refresh_hw_device -update_hw_probes false [lindex [get_hw_devices xc7a35t_0] 0]
set_property PROBES.FILE {} [get_hw_devices xc7a35t_0]
set_property FULL_PROBES.FILE {} [get_hw_devices xc7a35t_0]
set_property PROGRAM.FILE {C:/Users/ghazi/CA-LAB-SPR-2026/Vivado Labs/Lab11/Task2/Task2.runs/impl_1/TopLevelProcessor.bit} [get_hw_devices xc7a35t_0]
program_hw_devices [get_hw_devices xc7a35t_0]
refresh_hw_device [lindex [get_hw_devices xc7a35t_0] 0]
current_project SCP
close [ open {C:/Users/ghazi/CA-LAB-SPR-2026/Vivado Labs/Project/Processor/SCP/SCP.srcs/sources_1/new/program.mem} w ]
add_files {{C:/Users/ghazi/CA-LAB-SPR-2026/Vivado Labs/Project/Processor/SCP/SCP.srcs/sources_1/new/program.mem}}
launch_runs impl_1 -to_step write_bitstream -jobs 6
wait_on_run impl_1
current_project Task2
refresh_hw_device [lindex [get_hw_devices xc7a35t_0] 0]
current_project SCP
current_project Task2
close_hw_manager
current_project SCP
open_hw_manager
connect_hw_server -allow_non_jtag
open_hw_target
set_property PROGRAM.FILE {C:/Users/ghazi/CA-LAB-SPR-2026/Vivado Labs/Project/Processor/SCP/SCP.runs/impl_1/TopLevelProcessor.bit} [get_hw_devices xc7a35t_0]
current_hw_device [get_hw_devices xc7a35t_0]
refresh_hw_device -update_hw_probes false [lindex [get_hw_devices xc7a35t_0] 0]
set_property PROBES.FILE {} [get_hw_devices xc7a35t_0]
set_property FULL_PROBES.FILE {} [get_hw_devices xc7a35t_0]
set_property PROGRAM.FILE {C:/Users/ghazi/CA-LAB-SPR-2026/Vivado Labs/Project/Processor/SCP/SCP.runs/impl_1/TopLevelProcessor.bit} [get_hw_devices xc7a35t_0]
program_hw_devices [get_hw_devices xc7a35t_0]
refresh_hw_device [lindex [get_hw_devices xc7a35t_0] 0]
reset_run impl_1 -prev_step 
launch_runs impl_1 -to_step write_bitstream -jobs 6
wait_on_run impl_1
reset_run impl_1 -prev_step 
reset_run impl_1 -prev_step 
reset_run synth_1
launch_runs impl_1 -to_step write_bitstream -jobs 6
wait_on_run impl_1
refresh_hw_device [lindex [get_hw_devices xc7a35t_0] 0]
set_property PROBES.FILE {} [get_hw_devices xc7a35t_0]
set_property FULL_PROBES.FILE {} [get_hw_devices xc7a35t_0]
set_property PROGRAM.FILE {C:/Users/ghazi/CA-LAB-SPR-2026/Vivado Labs/Project/Processor/SCP/SCP.runs/impl_1/TopLevelProcessor.bit} [get_hw_devices xc7a35t_0]
program_hw_devices [get_hw_devices xc7a35t_0]
refresh_hw_device [lindex [get_hw_devices xc7a35t_0] 0]
reset_run synth_1
launch_runs impl_1 -to_step write_bitstream
wait_on_run impl_1
refresh_hw_device [lindex [get_hw_devices xc7a35t_0] 0]
set_property PROBES.FILE {} [get_hw_devices xc7a35t_0]
set_property FULL_PROBES.FILE {} [get_hw_devices xc7a35t_0]
set_property PROGRAM.FILE {C:/Users/ghazi/CA-LAB-SPR-2026/Vivado Labs/Project/Processor/SCP/SCP.runs/impl_1/TopLevelProcessor.bit} [get_hw_devices xc7a35t_0]
program_hw_devices [get_hw_devices xc7a35t_0]
refresh_hw_device [lindex [get_hw_devices xc7a35t_0] 0]
reset_run impl_1 -prev_step 
launch_runs impl_1 -to_step write_bitstream
wait_on_run impl_1
open_run impl_1
reset_run impl_1 -prev_step 
launch_runs impl_1 -to_step write_bitstream
wait_on_run impl_1
refresh_hw_device [lindex [get_hw_devices xc7a35t_0] 0]
set_property PROBES.FILE {} [get_hw_devices xc7a35t_0]
set_property FULL_PROBES.FILE {} [get_hw_devices xc7a35t_0]
set_property PROGRAM.FILE {C:/Users/ghazi/CA-LAB-SPR-2026/Vivado Labs/Project/Processor/SCP/SCP.runs/impl_1/TopLevelProcessor.bit} [get_hw_devices xc7a35t_0]
program_hw_devices [get_hw_devices xc7a35t_0]
refresh_hw_device [lindex [get_hw_devices xc7a35t_0] 0]
reset_run synth_1
launch_runs impl_1 -to_step write_bitstream
wait_on_run impl_1
refresh_hw_device [lindex [get_hw_devices xc7a35t_0] 0]
set_property PROBES.FILE {} [get_hw_devices xc7a35t_0]
set_property FULL_PROBES.FILE {} [get_hw_devices xc7a35t_0]
set_property PROGRAM.FILE {C:/Users/ghazi/CA-LAB-SPR-2026/Vivado Labs/Project/Processor/SCP/SCP.runs/impl_1/TopLevelProcessor.bit} [get_hw_devices xc7a35t_0]
program_hw_devices [get_hw_devices xc7a35t_0]
refresh_hw_device [lindex [get_hw_devices xc7a35t_0] 0]
reset_run impl_1 -prev_step 
launch_runs impl_1 -to_step write_bitstream
wait_on_run impl_1
refresh_hw_device [lindex [get_hw_devices xc7a35t_0] 0]
set_property PROBES.FILE {} [get_hw_devices xc7a35t_0]
set_property FULL_PROBES.FILE {} [get_hw_devices xc7a35t_0]
set_property PROGRAM.FILE {C:/Users/ghazi/CA-LAB-SPR-2026/Vivado Labs/Project/Processor/SCP/SCP.runs/impl_1/TopLevelProcessor.bit} [get_hw_devices xc7a35t_0]
program_hw_devices [get_hw_devices xc7a35t_0]
refresh_hw_device [lindex [get_hw_devices xc7a35t_0] 0]
set_property PROBES.FILE {} [get_hw_devices xc7a35t_0]
set_property FULL_PROBES.FILE {} [get_hw_devices xc7a35t_0]
set_property PROGRAM.FILE {C:/Users/ghazi/CA-LAB-SPR-2026/Vivado Labs/Project/Processor/SCP/SCP.runs/impl_1/TopLevelProcessor.bit} [get_hw_devices xc7a35t_0]
program_hw_devices [get_hw_devices xc7a35t_0]
refresh_hw_device [lindex [get_hw_devices xc7a35t_0] 0]
reset_run impl_1
launch_runs impl_1
wait_on_run impl_1
launch_runs impl_1 -to_step write_bitstream
wait_on_run impl_1
refresh_hw_device [lindex [get_hw_devices xc7a35t_0] 0]
set_property PROBES.FILE {} [get_hw_devices xc7a35t_0]
set_property FULL_PROBES.FILE {} [get_hw_devices xc7a35t_0]
set_property PROGRAM.FILE {C:/Users/ghazi/CA-LAB-SPR-2026/Vivado Labs/Project/Processor/SCP/SCP.runs/impl_1/TopLevelProcessor.bit} [get_hw_devices xc7a35t_0]
program_hw_devices [get_hw_devices xc7a35t_0]
refresh_hw_device [lindex [get_hw_devices xc7a35t_0] 0]
reset_run synth_1
launch_runs impl_1 -to_step write_bitstream
wait_on_run impl_1
set_property PROBES.FILE {} [get_hw_devices xc7a35t_0]
set_property FULL_PROBES.FILE {} [get_hw_devices xc7a35t_0]
set_property PROGRAM.FILE {C:/Users/ghazi/CA-LAB-SPR-2026/Vivado Labs/Project/Processor/SCP/SCP.runs/impl_1/TopLevelProcessor.bit} [get_hw_devices xc7a35t_0]
program_hw_devices [get_hw_devices xc7a35t_0]
refresh_hw_device [lindex [get_hw_devices xc7a35t_0] 0]
reset_run synth_1
launch_runs impl_1 -to_step write_bitstream
wait_on_run impl_1
set_property PROBES.FILE {} [get_hw_devices xc7a35t_0]
set_property FULL_PROBES.FILE {} [get_hw_devices xc7a35t_0]
set_property PROGRAM.FILE {C:/Users/ghazi/CA-LAB-SPR-2026/Vivado Labs/Project/Processor/SCP/SCP.runs/impl_1/TopLevelProcessor.bit} [get_hw_devices xc7a35t_0]
program_hw_devices [get_hw_devices xc7a35t_0]
refresh_hw_device [lindex [get_hw_devices xc7a35t_0] 0]
reset_run synth_1
launch_runs impl_1 -to_step write_bitstream
wait_on_run impl_1
set_property PROBES.FILE {} [get_hw_devices xc7a35t_0]
set_property FULL_PROBES.FILE {} [get_hw_devices xc7a35t_0]
set_property PROGRAM.FILE {C:/Users/ghazi/CA-LAB-SPR-2026/Vivado Labs/Project/Processor/SCP/SCP.runs/impl_1/TopLevelProcessor.bit} [get_hw_devices xc7a35t_0]
program_hw_devices [get_hw_devices xc7a35t_0]
refresh_hw_device [lindex [get_hw_devices xc7a35t_0] 0]
reset_run synth_1
launch_runs impl_1 -to_step write_bitstream
wait_on_run impl_1
set_property PROBES.FILE {} [get_hw_devices xc7a35t_0]
set_property FULL_PROBES.FILE {} [get_hw_devices xc7a35t_0]
set_property PROGRAM.FILE {C:/Users/ghazi/CA-LAB-SPR-2026/Vivado Labs/Project/Processor/SCP/SCP.runs/impl_1/TopLevelProcessor.bit} [get_hw_devices xc7a35t_0]
program_hw_devices [get_hw_devices xc7a35t_0]
refresh_hw_device [lindex [get_hw_devices xc7a35t_0] 0]
reset_run synth_1
launch_runs impl_1 -to_step write_bitstream
wait_on_run impl_1
set_property PROBES.FILE {} [get_hw_devices xc7a35t_0]
set_property FULL_PROBES.FILE {} [get_hw_devices xc7a35t_0]
set_property PROGRAM.FILE {C:/Users/ghazi/CA-LAB-SPR-2026/Vivado Labs/Project/Processor/SCP/SCP.runs/impl_1/TopLevelProcessor.bit} [get_hw_devices xc7a35t_0]
program_hw_devices [get_hw_devices xc7a35t_0]
refresh_hw_device [lindex [get_hw_devices xc7a35t_0] 0]
close_project
