#-----------------------------------------------------------
# Vivado v2020.1 (64-bit)
# SW Build 2902540 on Wed May 27 19:54:49 MDT 2020
# IP Build 2902112 on Wed May 27 22:43:36 MDT 2020
# Start of session at: Fri Mar  6 14:13:17 2026
# Process ID: 12008
# Current directory: C:/Users/ghazi/CA-LAB-SPR-2026/Vivado Labs/Lab06/CA_Lab06_task3
# Command line: vivado.exe -gui_launcher_event rodinguilauncherevent14700 C:\Users\ghazi\CA-LAB-SPR-2026\Vivado Labs\Lab06\CA_Lab06_task3\CA_Lab06_task3.xpr
# Log file: C:/Users/ghazi/CA-LAB-SPR-2026/Vivado Labs/Lab06/CA_Lab06_task3/vivado.log
# Journal file: C:/Users/ghazi/CA-LAB-SPR-2026/Vivado Labs/Lab06/CA_Lab06_task3\vivado.jou
#-----------------------------------------------------------
start_gui
open_project {C:/Users/ghazi/CA-LAB-SPR-2026/Vivado Labs/Lab06/CA_Lab06_task3/CA_Lab06_task3.xpr}
update_compile_order -fileset sources_1
launch_simulation
source ALU_FPGA.tcl
synth_design -rtl -name rtl_1
write_schematic -format pdf -orientation landscape -force C:/Users/ghazi/Desktop/schematic.pdf
close_sim
